2026-09-18T03:27:45Z INF Thank you for trying Cloudflare Tunnel. Doing so, without a Cloudflare account, is a quick way to experiment and try it out. However, be aware that these account-less Tunnels have no uptime guarantee, are subject to the Cloudflare Online Services Terms of Use (https://www.cloudflare.com/website-terms/), and Cloudflare reserves the right to investigate your use of Tunnels for violations of such terms. If you intend to use Tunnels in production you should use a pre-created named tunnel by following: https://developers.cloudflare.com/cloudflare-one/connections/connect-apps
2026-09-18T03:27:45Z INF Requesting new quick Tunnel on trycloudflare.com...
2026-09-18T03:27:48Z INF +--------------------------------------------------------------------------------------------+
2026-09-18T03:27:49Z INF |  Your quick Tunnel has been created! Visit it at (it may take some time to be reachable):  |
2026-09-18T03:27:49Z INF |  https://delivery-placed-coaches-responded.trycloudflare.com                               |
2026-09-18T03:27:49Z INF +--------------------------------------------------------------------------------------------+
2026-09-18T03:27:49Z INF Cannot determine default configuration path. No file [config.yml config.yaml] in [~/.cloudflared ~/.cloudflare-warp ~/cloudflare-warp]
2026-09-18T03:27:49Z INF Version 2026.9.1 (Checksum 2837888cc0f5d58f15b6dc478376de90b4d3ba5241c7947455d1e0a0df429712)
2026-09-18T03:27:49Z INF GOOS: windows, GOVersion: go1.26.8, GoArch: amd64
2026-09-18T03:27:49Z INF Settings: map[ha-connections:1 no-autoupdate:true protocol:quic url:http://127.0.0.1:8130]
2026-09-18T03:27:49Z INF cloudflared will not automatically update on Windows systems.
2026-09-18T03:27:49Z INF Generated Connector ID: d09a480f-a878-4eda-a3cc-87ee696444cf
2026-09-18T03:27:49Z INF Initial protocol quic
2026-09-18T03:27:49Z INF ICMP proxy will use 192.168.0.5 as source for IPv4
2026-09-18T03:27:49Z INF ICMP proxy will use fe80::a11d:728c:42d8:777c in zone Ethernet as source for IPv6
2026-09-18T03:27:49Z INF cloudflared does not support loading the system root certificate pool on Windows. Please use --origin-ca-pool <PATH> to specify the path to the certificate pool
2026-09-18T03:27:49Z INF ICMP proxy will use 192.168.0.5 as source for IPv4
2026-09-18T03:27:49Z INF Tunnel connection curve preferences: [X25519MLKEM768 CurveID(65074) CurveP256] connIndex=0 event=0 ip=198.41.192.227
2026-09-18T03:27:49Z INF ICMP proxy will use fe80::a11d:728c:42d8:777c in zone Ethernet as source for IPv6
2026-09-18T03:27:49Z INF Starting metrics server on 127.0.0.1:20241/metrics
2026-09-18T03:27:49Z INF +-------------------------------------------------------------------------------------+
2026-09-18T03:27:49Z INF |                               CONNECTIVITY PRE-CHECKS                               |
2026-09-18T03:27:49Z INF +-------------------------------------------------------------------------------------+
2026-09-18T03:27:49Z INF |  COMPONENT         TARGET                     STATUS  DETAILS                       |
2026-09-18T03:27:49Z INF |  DNS Resolution    region1.v2.argotunnel.com  PASS    DNS Resolved successfully     |
2026-09-18T03:27:49Z INF |  DNS Resolution    region2.v2.argotunnel.com  PASS    DNS Resolved successfully     |
2026-09-18T03:27:49Z INF |  UDP Connectivity  region1.v2.argotunnel.com  PASS    QUIC connection successful    |
2026-09-18T03:27:49Z INF |  UDP Connectivity  region2.v2.argotunnel.com  PASS    QUIC connection successful    |
2026-09-18T03:27:49Z INF |  TCP Connectivity  region1.v2.argotunnel.com  PASS    HTTP/2 connection successful  |
2026-09-18T03:27:49Z INF |  TCP Connectivity  region2.v2.argotunnel.com  PASS    HTTP/2 connection successful  |
2026-09-18T03:27:49Z INF |  Cloudflare API    api.cloudflare.com:443     PASS    API is reachable              |
2026-09-18T03:27:49Z INF |                                                                                     |
2026-09-18T03:27:49Z INF |  SUMMARY: Environment is healthy. cloudflared will use 'quic' as primary protocol.  |
2026-09-18T03:27:49Z INF +-------------------------------------------------------------------------------------+
2026-09-18T03:27:49Z INF precheck component="DNS Resolution" details="DNS Resolved successfully" run_id=3ed02bb7-3d07-46e6-bc12-5a973a07a4bc status=pass target=region1.v2.argotunnel.com
2026-09-18T03:27:49Z INF precheck component="DNS Resolution" details="DNS Resolved successfully" run_id=3ed02bb7-3d07-46e6-bc12-5a973a07a4bc status=pass target=region2.v2.argotunnel.com
2026-09-18T03:27:49Z INF precheck component="UDP Connectivity" details="QUIC connection successful" run_id=3ed02bb7-3d07-46e6-bc12-5a973a07a4bc status=pass target=region1.v2.argotunnel.com
2026-09-18T03:27:49Z INF precheck component="UDP Connectivity" details="QUIC connection successful" run_id=3ed02bb7-3d07-46e6-bc12-5a973a07a4bc status=pass target=region2.v2.argotunnel.com
2026-09-18T03:27:49Z INF precheck component="TCP Connectivity" details="HTTP/2 connection successful" run_id=3ed02bb7-3d07-46e6-bc12-5a973a07a4bc status=pass target=region1.v2.argotunnel.com
2026-09-18T03:27:49Z INF precheck component="TCP Connectivity" details="HTTP/2 connection successful" run_id=3ed02bb7-3d07-46e6-bc12-5a973a07a4bc status=pass target=region2.v2.argotunnel.com
2026-09-18T03:27:49Z INF precheck component="Cloudflare API" details="API is reachable" run_id=3ed02bb7-3d07-46e6-bc12-5a973a07a4bc status=pass target=api.cloudflare.com:443
2026-09-18T03:27:49Z INF precheck complete hard_fail=false run_id=3ed02bb7-3d07-46e6-bc12-5a973a07a4bc suggested_protocol=quic
